// Jest Snapshot v1, https://goo.gl/fbAQLP

exports[`<Logo /> should match snapshot 1`] = `
<Logo>
  <ForwardRef
    width={70}
  >
    <svg
      width={70}
    >
      logo.svg
    </svg>
  </ForwardRef>
</Logo>
`;
